******************************************************************************
                  TI ARM Linker PC v18.1.3                     
******************************************************************************
>> Linked Fri Oct  5 02:55:38 2018

OUTPUT FILE NAME:   <Automacao.out>
ENTRY POINT SYMBOL: "_c_int00_noinit_noargs"  address: 00000761


MEMORY CONFIGURATION

         name            origin    length      used     unused   attr    fill
----------------------  --------  ---------  --------  --------  ----  --------
  FLASH                 00000000   00040000  000007a4  0003f85c  R  X
  SRAM                  20000000   00008000  00000200  00007e00  RW X


SEGMENT ALLOCATION MAP

run origin  load origin   length   init length attrs members
----------  ----------- ---------- ----------- ----- -------
00000000    00000000    000007a4   000007a4    r-x
  00000000    00000000    0000026c   0000026c    r-- .intvecs
  0000026c    0000026c    00000538   00000538    r-x .text
20000000    20000000    00000200   00000000    rw-
  20000000    20000000    00000200   00000000    rw- .stack


SECTION ALLOCATION MAP

 output                                  attributes/
section   page    origin      length       input sections
--------  ----  ----------  ----------   ----------------
.intvecs   0    00000000    0000026c     
                  00000000    0000026c     tm4c123gh6pm_startup_ccs.obj (.intvecs)

.text      0    0000026c    00000538     
                  0000026c    000004a8     functions.obj (.text)
                  00000714    0000004c     main.obj (.text)
                  00000760    00000030     rtsv7M4_T_le_v4SPD16_eabi.lib : boot_cortex_m.c.obj (.text:_c_int00_noinit_noargs:_c_int00_noinit_noargs)
                  00000790    0000000c     tm4c123gh6pm_startup_ccs.obj (.text)
                  0000079c    00000004     rtsv7M4_T_le_v4SPD16_eabi.lib : pre_init.c.obj (.text:_system_pre_init)
                  000007a0    00000004                                   : exit.c.obj (.text:abort:abort)

.cinit     0    00000000    00000000     UNINITIALIZED

.init_array 
*          0    00000000    00000000     UNINITIALIZED

.stack     0    20000000    00000200     UNINITIALIZED
                  20000000    00000004     rtsv7M4_T_le_v4SPD16_eabi.lib : boot_cortex_m.c.obj (.stack)
                  20000004    000001fc     --HOLE--

MODULE SUMMARY

       Module                         code   ro data   rw data
       ------                         ----   -------   -------
    .\
       functions.obj                  1192   0         0      
       tm4c123gh6pm_startup_ccs.obj   12     620       0      
       main.obj                       76     0         0      
    +--+------------------------------+------+---------+---------+
       Total:                         1280   620       0      
                                                              
    C:\ti\ccsv8\tools\compiler\ti-cgt-arm_18.1.3.LTS\lib\rtsv7M4_T_le_v4SPD16_eabi.lib
       boot_cortex_m.c.obj            48     0         0      
       exit.c.obj                     4      0         0      
       pre_init.c.obj                 4      0         0      
    +--+------------------------------+------+---------+---------+
       Total:                         56     0         0      
                                                              
       Stack:                         0      0         512    
    +--+------------------------------+------+---------+---------+
       Grand Total:                   1336   620       512    


GLOBAL SYMBOLS: SORTED ALPHABETICALLY BY Name 

address   name                  
-------   ----                  
000007a1  C$$EXIT               
00000791  ResetISR              
20000200  __STACK_END           
00000200  __STACK_SIZE          
20000200  __STACK_TOP           
ffffffff  __TI_pprof_out_hndl   
ffffffff  __TI_prof_data_size   
ffffffff  __TI_prof_data_start  
00000000  __TI_static_base__    
ffffffff  __binit__             
ffffffff  __c_args__            
UNDEFED   __mpu_init            
20000000  __stack               
00000761  _c_int00_noinit_noargs
0000079d  _system_pre_init      
000007a1  abort                 
ffffffff  binit                 
000002e1  cmd_lcd               
0000037d  config_lcd            
00000287  delay_ms              
000002c1  enable_pulse          
00000000  g_pfnVectors          
000004c3  init_pwm0             
0000051f  init_pwm1             
0000058d  init_pwm2             
000005ed  init_pwm3             
00000715  main                  
00000459  setup_pwm             
0000026d  unlock_gpios          
00000349  write_lcd             


GLOBAL SYMBOLS: SORTED BY Symbol Address 

address   name                  
-------   ----                  
00000000  __TI_static_base__    
00000000  g_pfnVectors          
00000200  __STACK_SIZE          
0000026d  unlock_gpios          
00000287  delay_ms              
000002c1  enable_pulse          
000002e1  cmd_lcd               
00000349  write_lcd             
0000037d  config_lcd            
00000459  setup_pwm             
000004c3  init_pwm0             
0000051f  init_pwm1             
0000058d  init_pwm2             
000005ed  init_pwm3             
00000715  main                  
00000761  _c_int00_noinit_noargs
00000791  ResetISR              
0000079d  _system_pre_init      
000007a1  C$$EXIT               
000007a1  abort                 
20000000  __stack               
20000200  __STACK_END           
20000200  __STACK_TOP           
ffffffff  __TI_pprof_out_hndl   
ffffffff  __TI_prof_data_size   
ffffffff  __TI_prof_data_start  
ffffffff  __binit__             
ffffffff  __c_args__            
ffffffff  binit                 
UNDEFED   __mpu_init            

[30 symbols]
